[00:58:02] [main/INFO] (FabricLoader/GameProvider) Loading Minecraft 1.21 with Fabric Loader 0.19.5
[00:58:02] [main/INFO] (FabricLoader) Loading 55 mods:
	- fabric-api 0.102.0+1.21
	- fabric-api-base 0.4.42+6573ed8cd1
	- fabric-api-lookup-api-v1 1.6.68+b5597344d1
	- fabric-biome-api-v1 13.0.29+5bd9f1bcd1
	- fabric-block-api-v1 1.0.22+0af3f5a7d1
	- fabric-block-view-api-v2 1.0.10+6573ed8cd1
	- fabric-blockrenderlayer-v1 1.1.52+0af3f5a7d1
	- fabric-client-tags-api-v1 1.1.15+6573ed8cd1
	- fabric-command-api-v1 1.2.49+f71b366fd1
	- fabric-command-api-v2 2.2.28+6ced4dd9d1
	- fabric-commands-v0 0.2.66+df3654b3d1
	- fabric-content-registries-v0 8.0.16+b5597344d1
	- fabric-convention-tags-v1 2.0.19+7f945d5bd1
	- fabric-convention-tags-v2 2.5.0+c5e2b5c6d1
	- fabric-crash-report-info-v1 0.2.29+0af3f5a7d1
	- fabric-data-attachment-api-v1 1.1.27+6a6dfa19d1
	- fabric-data-generation-api-v1 20.2.16+16c4ae25d1
	- fabric-dimensions-v1 4.0.0+6fc22b99d1
	- fabric-entity-events-v1 1.6.12+6fc22b99d1
	- fabric-events-interaction-v0 0.7.12+ba9dae06d1
	- fabric-game-rule-api-v1 1.0.53+6ced4dd9d1
	- fabric-gametest-api-v1 2.0.4+6fc22b99d1
	- fabric-item-api-v1 11.0.0+afdfc921d1
	- fabric-item-group-api-v1 4.1.4+78017270d1
	- fabric-key-binding-api-v1 1.0.47+0af3f5a7d1
	- fabric-keybindings-v0 0.2.45+df3654b3d1
	- fabric-lifecycle-events-v1 2.3.12+6c1df360d1
	- fabric-loot-api-v2 3.0.14+3f89f5a5d1
	- fabric-loot-api-v3 1.0.2+3f89f5a5d1
	- fabric-message-api-v1 6.0.13+6573ed8cd1
	- fabric-model-loading-api-v1 2.0.0+fe474d6bd1
	- fabric-networking-api-v1 4.2.2+60c3209bd1
	- fabric-object-builder-api-v1 15.2.0+a551f7a4d1
	- fabric-particles-v1 4.0.2+6573ed8cd1
	- fabric-recipe-api-v1 5.0.12+65089712d1
	- fabric-registry-sync-v0 5.1.2+60c3209bd1
	- fabric-renderer-api-v1 3.4.0+c705a49cd1
	- fabric-renderer-indigo 1.7.0+c705a49cd1
	- fabric-renderer-registries-v1 3.2.68+df3654b3d1
	- fabric-rendering-data-attachment-v1 0.3.48+73761d2ed1
	- fabric-rendering-fluids-v1 3.1.6+b5597344d1
	- fabric-rendering-v0 1.1.71+df3654b3d1
	- fabric-rendering-v1 5.0.5+df16efd0d1
	- fabric-resource-conditions-api-v1 4.3.0+8dc279b1d1
	- fabric-resource-loader-v0 1.3.0+56599129d1
	- fabric-screen-api-v1 2.0.24+b5597344d1
	- fabric-screen-handler-api-v1 1.3.86+b5597344d1
	- fabric-sound-api-v1 1.0.23+6573ed8cd1
	- fabric-transfer-api-v1 5.1.16+3dccd343d1
	- fabric-transitive-access-wideners-v1 6.1.0+176f9036d1
	- fabricloader 0.19.5
	- java 25
	- minecraft 1.21
	- minezomboid 1.0.0
	- mixinextras 0.5.5
[00:58:02] [main/INFO] (FabricLoader/Mixin) SpongePowered MIXIN Subsystem Version=0.8.7 Source=file:/Users/matheus-fsantos/.gradle/caches/modules-2/files-2.1/net.fabricmc/sponge-mixin/0.17.4+mixin.0.8.7/5f66cc9f59b8efaa942155a3d5a30599bf6640dd/sponge-mixin-0.17.4+mixin.0.8.7.jar Service=Knot/Fabric Env=CLIENT
[00:58:02] [main/INFO] (FabricLoader/Mixin) Loaded Fabric development mappings for mixin remapper!
[00:58:03] [main/INFO] (FabricLoader/MixinExtras|Service) Initializing MixinExtras via com.llamalad7.mixinextras.service.MixinExtrasServiceImpl(version=0.5.5).
[00:58:03] [Datafixer Bootstrap/INFO] (Minecraft) 226 Datafixer optimizations took 191 milliseconds
[00:58:07] [Render thread/INFO] (Minecraft) Environment: Environment[sessionHost=https://sessionserver.mojang.com, servicesHost=https://api.minecraftservices.com, name=PROD]
[00:58:07] [Render thread/INFO] (Minecraft) Setting user: Player903
[00:58:07] [Render thread/INFO] (MineZomboid) MineZomboid - onInitialize - message: hello fabric world!
[00:58:07] [Render thread/INFO] (ModItems) ModItems - registerModItems - message: registering mod item for minezomboid project
[00:58:07] [Render thread/INFO] (Indigo) [Indigo] Registering Indigo renderer!
[00:58:07] [Render thread/INFO] (Minecraft) Backend library: LWJGL version 3.3.3-snapshot
[00:58:08] [Render thread/INFO] (Minecraft) [STDERR]: [LWJGL] [ThreadLocalUtil] Unsupported JNI version detected, this may result in a crash. Please inform LWJGL developers.
[00:58:09] [Render thread/INFO] (Minecraft) Reloading ResourceManager: vanilla, fabric, fabric-api, fabric-api-base, fabric-api-lookup-api-v1, fabric-biome-api-v1, fabric-block-api-v1, fabric-block-view-api-v2, fabric-blockrenderlayer-v1, fabric-client-tags-api-v1, fabric-command-api-v1, fabric-command-api-v2, fabric-commands-v0, fabric-content-registries-v0, fabric-convention-tags-v1, fabric-convention-tags-v2, fabric-crash-report-info-v1, fabric-data-attachment-api-v1, fabric-data-generation-api-v1, fabric-dimensions-v1, fabric-entity-events-v1, fabric-events-interaction-v0, fabric-game-rule-api-v1, fabric-gametest-api-v1, fabric-item-api-v1, fabric-item-group-api-v1, fabric-key-binding-api-v1, fabric-keybindings-v0, fabric-lifecycle-events-v1, fabric-loot-api-v2, fabric-loot-api-v3, fabric-message-api-v1, fabric-model-loading-api-v1, fabric-networking-api-v1, fabric-object-builder-api-v1, fabric-particles-v1, fabric-recipe-api-v1, fabric-registry-sync-v0, fabric-renderer-api-v1, fabric-renderer-indigo, fabric-renderer-registries-v1, fabric-rendering-data-attachment-v1, fabric-rendering-fluids-v1, fabric-rendering-v0, fabric-rendering-v1, fabric-resource-conditions-api-v1, fabric-resource-loader-v0, fabric-screen-api-v1, fabric-screen-handler-api-v1, fabric-sound-api-v1, fabric-transfer-api-v1, fabric-transitive-access-wideners-v1, fabricloader, minezomboid
[00:58:09] [Worker-Main-4/INFO] (Minecraft) Found unifont_all_no_pua-15.1.05.hex, loading
[00:58:09] [Worker-Main-5/INFO] (Minecraft) Found unifont_jp_patch-15.1.05.hex, loading
[00:58:10] [Render thread/WARN] (Minecraft) Missing sound for event: minecraft:item.goat_horn.play
[00:58:10] [Render thread/WARN] (Minecraft) Missing sound for event: minecraft:entity.goat.screaming.horn_break
[00:58:10] [Render thread/INFO] (Minecraft) OpenAL initialized on device Alto-falantes (MacBook Air)
[00:58:10] [Render thread/INFO] (Minecraft) Sound engine started
[00:58:10] [Render thread/INFO] (Minecraft) Created: 1024x512x4 minecraft:textures/atlas/blocks.png-atlas
[00:58:10] [Render thread/INFO] (Minecraft) Created: 256x256x4 minecraft:textures/atlas/signs.png-atlas
[00:58:10] [Render thread/INFO] (Minecraft) Created: 512x512x4 minecraft:textures/atlas/banner_patterns.png-atlas
[00:58:10] [Render thread/INFO] (Minecraft) Created: 512x512x4 minecraft:textures/atlas/shield_patterns.png-atlas
[00:58:10] [Render thread/INFO] (Minecraft) Created: 1024x1024x4 minecraft:textures/atlas/armor_trims.png-atlas
[00:58:10] [Render thread/INFO] (Minecraft) Created: 256x256x4 minecraft:textures/atlas/chest.png-atlas
[00:58:10] [Render thread/INFO] (Minecraft) Created: 128x64x4 minecraft:textures/atlas/decorated_pot.png-atlas
[00:58:10] [Render thread/INFO] (Minecraft) Created: 512x256x4 minecraft:textures/atlas/beds.png-atlas
[00:58:10] [Render thread/INFO] (Minecraft) Created: 512x256x4 minecraft:textures/atlas/shulker_boxes.png-atlas
[00:58:10] [Render thread/INFO] (Minecraft) Created: 512x256x0 minecraft:textures/atlas/particles.png-atlas
[00:58:10] [Render thread/INFO] (Minecraft) Created: 512x256x0 minecraft:textures/atlas/paintings.png-atlas
[00:58:10] [Render thread/INFO] (Minecraft) Created: 256x128x0 minecraft:textures/atlas/mob_effects.png-atlas
[00:58:10] [Render thread/INFO] (Minecraft) Created: 64x64x0 minecraft:textures/atlas/map_decorations.png-atlas
[00:58:10] [Render thread/INFO] (Minecraft) Created: 1024x512x0 minecraft:textures/atlas/gui.png-atlas
[00:58:10] [Render thread/WARN] (Minecraft) Shader rendertype_entity_translucent_emissive could not find sampler named Sampler2 in the specified shader program.
[00:58:14] [Render thread/INFO] (Minecraft) Loaded 1290 recipes
[00:58:15] [Render thread/INFO] (Minecraft) Loaded 1399 advancements
[00:58:15] [Render thread/INFO] (BiomeModificationImpl) Applied 0 biome modifications to 0 of 64 new biomes in 588.9 μs
[00:58:15] [Server thread/INFO] (Minecraft) Starting integrated minecraft server version 1.21
[00:58:15] [Server thread/INFO] (Minecraft) Generating keypair
[00:58:16] [Server thread/INFO] (Minecraft) Preparing start region for dimension minecraft:overworld
[00:58:16] [Render thread/INFO] (Minecraft) Preparing spawn area: 0%
[00:58:16] [Render thread/INFO] (Minecraft) Time elapsed: 215 ms
[00:58:16] [Server thread/INFO] (Minecraft) Changing view distance to 12, from 10
[00:58:16] [Server thread/INFO] (Minecraft) Changing simulation distance to 12, from 0
[00:58:17] [Server thread/INFO] (Minecraft) Player903[local:E:d3b2dd07] logged in with entity id 15 at (-181.21729788612421, 63.0, -180.94751054404225)
[00:58:17] [Server thread/INFO] (Minecraft) Player903 joined the game
[00:58:17] [Render thread/INFO] (Minecraft) Loaded 2 advancements
[00:58:19] [Render thread/WARN] (Minecraft) Unable to play empty soundEvent: minecraft:entity.salmon.ambient
[00:58:23] [Server thread/INFO] (Minecraft) Saving and pausing game...
[00:58:23] [Server thread/INFO] (Minecraft) Saving chunks for level 'ServerLevel[mod-test-world]'/minecraft:overworld
[00:58:23] [Server thread/INFO] (Minecraft) Saving chunks for level 'ServerLevel[mod-test-world]'/minecraft:the_end
[00:58:23] [Server thread/INFO] (Minecraft) Saving chunks for level 'ServerLevel[mod-test-world]'/minecraft:the_nether
[00:58:24] [Server thread/INFO] (Minecraft) Player903 lost connection: Disconnected
[00:58:24] [Server thread/INFO] (Minecraft) Player903 left the game
[00:58:24] [Server thread/INFO] (Minecraft) Stopping singleplayer server as player logged out
[00:58:24] [Server thread/INFO] (Minecraft) Stopping server
[00:58:24] [Server thread/INFO] (Minecraft) Saving players
[00:58:24] [Server thread/INFO] (Minecraft) Saving worlds
[00:58:25] [Server thread/INFO] (Minecraft) Saving chunks for level 'ServerLevel[mod-test-world]'/minecraft:overworld
[00:58:25] [Server thread/INFO] (Minecraft) Saving chunks for level 'ServerLevel[mod-test-world]'/minecraft:the_end
[00:58:25] [Server thread/INFO] (Minecraft) Saving chunks for level 'ServerLevel[mod-test-world]'/minecraft:the_nether
[00:58:25] [Server thread/INFO] (Minecraft) ThreadedAnvilChunkStorage (mod-test-world): All chunks are saved
[00:58:25] [Server thread/INFO] (Minecraft) ThreadedAnvilChunkStorage (DIM1): All chunks are saved
[00:58:25] [Server thread/INFO] (Minecraft) ThreadedAnvilChunkStorage (DIM-1): All chunks are saved
[00:58:25] [Server thread/INFO] (Minecraft) ThreadedAnvilChunkStorage: All dimensions are saved
[00:58:26] [Render thread/INFO] (Minecraft) Stopping!
